<html>
<body>
<pre>
<h1>µVision Build Log</h1>
<h2>Tool Versions:</h2>
IDE-Version: ¦ÌVision V5.43.1.0
Copyright (C) 2025 ARM Ltd and ARM Germany GmbH. All rights reserved.
License Information: y y, 1, LIC=585FJ-UWYDV-Y88FK-ZNA5G-0KQDX-3EBUU
 
Tool Versions:
Toolchain:       MDK-ARM Plus  Version: 5.43.0.0
Toolchain Path:  E:\keil5\ARM\ARMCLANG\Bin
C Compiler:      ArmClang.exe V6.24
Assembler:       Armasm.exe V6.24
Linker/Locator:  ArmLink.exe V6.24
Library Manager: ArmAr.exe V6.24
Hex Converter:   FromElf.exe V6.24
CPU DLL:         SARMCM3.DLL V5.43.0.0
Dialog DLL:      DARMCM1.DLL V1.19.6.0
Target DLL:      STLink\ST-LINKIII-KEIL_SWO.dll V3.3.1.0
Dialog DLL:      TARMCM1.DLL V1.14.6.0
 
<h2>Project:</h2>
E:\zhudian\motor-shixian\motot-build\MDK-ARM\motor.uvprojx
Project File Date:  08/19/2026

<h2>Output:</h2>
*** Using Compiler 'V6.24', folder: 'E:\keil5\ARM\ARMCLANG\Bin'
Rebuild target 'Motor'
compiling main.c...
compiling stm32g0xx_hal_rcc_ex.c...
compiling stm32g0xx_hal_flash.c...
compiling stm32g0xx_hal_flash_ex.c...
compiling stm32g0xx_hal_gpio.c...
compiling gpio.c...
compiling stm32g0xx_it.c...
compiling stm32g0xx_ll_rcc.c...
compiling stm32g0xx_hal_tim_ex.c...
compiling tim.c...
compiling motor_pwm.c...
compiling stm32g0xx_hal_tim.c...
compiling stm32g0xx_hal_msp.c...
compiling stm32g0xx_hal_rcc.c...
assembling startup_stm32g030xx.s...
compiling stm32g0xx_ll_dma.c...
compiling stm32g0xx_hal_dma_ex.c...
compiling stm32g0xx_hal_dma.c...
compiling system_stm32g0xx.c...
compiling stm32g0xx_hal.c...
compiling stm32g0xx_hal_pwr.c...
compiling stm32g0xx_hal_pwr_ex.c...
compiling stm32g0xx_hal_exti.c...
compiling stm32g0xx_hal_cortex.c...
linking...
Program Size: Code=5996 RO-data=288 RW-data=12 ZI-data=1796  
FromELF: creating hex file...
"Objects\motor.axf" - 0 Error(s), 0 Warning(s).

<h2>Software Packages used:</h2>

Package Vendor: ARM
                https://www.keil.com/pack/ARM.CMSIS.6.3.0.pack
                ARM::CMSIS@6.3.0
                CMSIS (Common Microcontroller Software Interface Standard)
   * Component: CORE Version: 6.2.0

Package Vendor: Keil
                https://www.keil.com/pack/Keil.STM32G0xx_DFP.2.1.0.pack
                Keil::STM32G0xx_DFP@2.1.0
                STMicroelectronics STM32G0 Series Device Support

<h2>Collection of Component include folders:</h2>
  ./RTE/_Motor
  E:/keil5/ARM/PACK/ARM/CMSIS/6.3.0/CMSIS/Core/Include

<h2>Collection of Component Files used:</h2>

   * Component: ARM::CMSIS:CORE@6.2.0
      Include file:  CMSIS/Core/Include/tz_context.h
Build Time Elapsed:  00:00:09
</pre>
</body>
</html>
